// Jest Snapshot v1, https://goo.gl/fbAQLP

exports[`decaffeinate options supports all of them 1`] = `
Array [
  " -h",
  " --help",
  " --use-cs2",
  " --modernize-js",
  " --literate",
  " --disable-suggestion-comment",
  " --no-array-includes",
  " --use-optional-chaining",
  " --use-js-modules",
  " --loose-js-modules",
  " --safe-import-function-identifiers",
  " --prefer-let",
  " --loose",
  " --loose",
  " --loose-default-params",
  " --loose-for-expressions",
  " --loose-for-of",
  " --loose-includes",
  " --loose-comparison-negation",
  " --disallow-invalid-constructors",
  " --optional-chaining",
]
`;

exports[`flags with <int> cleans the int 1`] = `
"/*
 * decaffeinate suggestions:
 * DS102: Remove unnecessary code created because of implicit returns
 * Full docs: https://github.com/decaffeinate/decaffeinate/blob/master/docs/suggestions.md
 */
const React = require('react');

const testConstant = 'foo';

module.exports = React.createClass({
  render() {
    return (
      <div className=\\"hello\\">
        <div>Hello</div>
      </div>
    );
  },
});
"
`;

exports[`happy test converts the file 1`] = `
"/*
 * decaffeinate suggestions:
 * DS102: Remove unnecessary code created because of implicit returns
 * Full docs: https://github.com/decaffeinate/decaffeinate/blob/master/docs/suggestions.md
 */
const React = require('react');

const testConstant = 'foo';

module.exports = React.createClass({
  render() {
    return (
      <div className=\\"hello\\">
        <div>Hello</div>
      </div>
    );
  },
});
"
`;

exports[`prettier options supports all of them 1`] = `
Array [
  " -c",
  " --check",
  " --list-different",
  " -l",
  " --list-different",
  " --check",
  " -w",
  " --write",
  " --arrow-parens",
  " --bracket-same-line",
  " --no-bracket-spacing",
  " --embedded-language-formatting",
  " --end-of-line",
  " --html-whitespace-sensitivity",
  " --jsx-single-quote",
  " --parser",
  " --print-width",
  " --prose-wrap",
  " --quote-props",
  " --no-semi",
  " --single-quote",
  " --tab-width",
  " --trailing-comma",
  " --use-tabs",
  " --vue-indent-script-and-style",
  " --config",
  " --no-config",
  " --config-precedence",
  " --no-editorconfig",
  " --find-config-path",
  " --ignore-path",
  " --plugin",
  " --plugin-search-dir",
  " --with-node-modules",
  " --cursor-offset",
  " --range-start",
  " --range-end",
  " -1",
  " --range-end",
  " --cursor-offset",
  " --range-start",
  " --cursor-offset",
  " --no-color",
  " --no-error-on-unmatched-pattern",
  " --file-info",
  " --ignore-path",
  " -h",
  " --help",
  " --help",
  " -u",
  " --ignore-unknown",
  " --insert-pragma",
  " --loglevel",
  " --require-pragma",
  " --stdin-filepath",
  " --support-info",
  " -v",
  " --version",
]
`;
